\o /dev/null
\ir include/insert_two_partitions.sql
\ir create_single_db.sql
SET client_min_messages = WARNING;
DROP DATABASE IF EXISTS single;
SET client_min_messages = NOTICE;
CREATE DATABASE single;
\c single
CREATE EXTENSION IF NOT EXISTS timescaledb;
SET timescaledb.disable_optimizations = :DISABLE_OPTIMIZATIONS;
\c single
CREATE TABLE PUBLIC."two_Partitions" (
  "timeCustom" BIGINT NOT NULL,
  device_id TEXT NOT NULL,
  series_0 DOUBLE PRECISION NULL,
  series_1 DOUBLE PRECISION NULL,
  series_2 DOUBLE PRECISION NULL,
  series_bool BOOLEAN NULL
);
CREATE INDEX ON PUBLIC."two_Partitions" (device_id, "timeCustom" DESC NULLS LAST) WHERE device_id IS NOT NULL;
CREATE INDEX ON PUBLIC."two_Partitions" ("timeCustom" DESC NULLS LAST, series_0) WHERE series_0 IS NOT NULL;
CREATE INDEX ON PUBLIC."two_Partitions" ("timeCustom" DESC NULLS LAST, series_1)  WHERE series_1 IS NOT NULL;
CREATE INDEX ON PUBLIC."two_Partitions" ("timeCustom" DESC NULLS LAST, series_2) WHERE series_2 IS NOT NULL;
CREATE INDEX ON PUBLIC."two_Partitions" ("timeCustom" DESC NULLS LAST, series_bool) WHERE series_bool IS NOT NULL;
CREATE INDEX ON PUBLIC."two_Partitions" ("timeCustom" DESC NULLS LAST, device_id);
SELECT * FROM create_hypertable('"public"."two_Partitions"'::regclass, 'timeCustom'::name, 'device_id'::name, associated_schema_name=>'_timescaledb_internal'::text, number_partitions => 2, chunk_time_interval=>_timescaledb_internal.interval_to_usec('1 month'));
\set QUIET off
BEGIN;
\COPY public."two_Partitions" FROM 'data/ds1_dev1_1.tsv' NULL AS '';
COMMIT;
INSERT INTO public."two_Partitions"("timeCustom", device_id, series_0, series_1) VALUES
(1257987600000000000, 'dev1', 1.5, 1),
(1257987600000000000, 'dev1', 1.5, 2),
(1257894000000000000, 'dev2', 1.5, 1),
(1257894002000000000, 'dev1', 2.5, 3);
INSERT INTO "two_Partitions"("timeCustom", device_id, series_0, series_1) VALUES
(1257894000000000000, 'dev2', 1.5, 2);
\set QUIET on
\o
SELECT count(*)
  FROM pg_depend
 WHERE refclassid = 'pg_extension'::regclass
     AND refobjid = (SELECT oid FROM pg_extension WHERE extname = 'timescaledb');
 count 
-------
   132
(1 row)

\c postgres
\! pg_dump -h localhost -U postgres -Fc single > dump/single.sql
\! dropdb -h localhost -U postgres single
\! createdb -h localhost -U postgres single
ALTER DATABASE single SET timescaledb.restoring='on';
\! pg_restore -h localhost -U postgres -d single dump/single.sql
\c single
SELECT restore_timescaledb();
 restore_timescaledb 
---------------------
 
(1 row)

ALTER DATABASE single SET timescaledb.restoring='off';
--should be same as count above
SELECT count(*)
  FROM pg_depend
 WHERE refclassid = 'pg_extension'::regclass
     AND refobjid = (SELECT oid FROM pg_extension WHERE extname = 'timescaledb');
 count 
-------
   132
(1 row)

\c single
--check simple ddl still works
ALTER TABLE "two_Partitions" ADD COLUMN series_3 integer;
INSERT INTO "two_Partitions"("timeCustom", device_id, series_0, series_1, series_3) VALUES
(1357894000000000000, 'dev5', 1.5, 2, 4);
SELECT * FROM "two_Partitions" order by "timeCustom", device_id;
     timeCustom      | device_id | series_0 | series_1 | series_2 | series_bool | series_3 
---------------------+-----------+----------+----------+----------+-------------+----------
 1257894000000000000 | dev1      |      1.5 |        1 |        2 | t           |         
 1257894000000000000 | dev1      |      1.5 |        2 |          |             |         
 1257894000000000000 | dev2      |      1.5 |        2 |          |             |         
 1257894000000000000 | dev2      |      1.5 |        1 |          |             |         
 1257894000000001000 | dev1      |      2.5 |        3 |          |             |         
 1257894001000000000 | dev1      |      3.5 |        4 |          |             |         
 1257894002000000000 | dev1      |      2.5 |        3 |          |             |         
 1257894002000000000 | dev1      |      5.5 |        6 |          | t           |         
 1257894002000000000 | dev1      |      5.5 |        7 |          | f           |         
 1257897600000000000 | dev1      |      4.5 |        5 |          | f           |         
 1257987600000000000 | dev1      |      1.5 |        2 |          |             |         
 1257987600000000000 | dev1      |      1.5 |        1 |          |             |         
 1357894000000000000 | dev5      |      1.5 |        2 |          |             |        4
(13 rows)

--query for the extension tables/sequences that will not be dumped by pg_dump (should be empty except for views)
SELECT objid::regclass
FROM pg_catalog.pg_depend
WHERE   refclassid = 'pg_catalog.pg_extension'::pg_catalog.regclass AND
        refobjid = (select oid from pg_extension where extname='timescaledb') AND
        deptype = 'e' AND
        classid='pg_catalog.pg_class'::pg_catalog.regclass
        AND objid NOT IN (select unnest(extconfig) from pg_extension where extname='timescaledb')
                 objid                  
----------------------------------------
 _timescaledb_catalog.tablespace_id_seq
(1 row)

